2026-08-25 02:33:52 [INFO] ============================================================
2026-08-25 02:33:52 [INFO] US TRADING BOT STARTED
2026-08-25 02:33:52 [INFO] ============================================================
2026-08-25 02:33:52 [INFO] Initializing US Bot...
2026-08-25 02:33:52 [INFO] AlpacaTrader initialized (PAPER)
2026-08-25 02:33:52 [INFO] AlpacaTrader initialized (PAPER)
2026-08-25 02:33:52 [WARNING] Alpaca health check failed: unauthorized.
2026-08-25 02:33:52 [ERROR] Alpaca connection established but health check failed
2026-08-25 02:33:52 [INFO] Telegram bot ready
2026-08-25 02:33:52 [INFO] US Bot initialized
2026-08-25 02:33:52 [INFO] [TELEGRAM] 🚀 <b>US Bot Online</b>
Ready for Sharia-compliant US trading...
2026-08-25 02:33:52 [INFO] [TELEGRAM] 🚀 <b>US Bot Online</b>
Ready for Sharia-compliant US trading...
2026-08-25 02:33:52 [INFO] Bookkeeper sync triggered (background)
2026-08-25 02:34:52 [INFO] Bookkeeper sync triggered (background)
2026-08-25 02:35:53 [INFO] Bookkeeper sync triggered (background)
2026-08-25 02:36:53 [INFO] Bookkeeper sync triggered (background)
2026-08-25 02:37:53 [INFO] Bookkeeper sync triggered (background)
2026-08-25 02:38:25 [INFO] Shutdown signal received
2026-08-25 02:38:26 [INFO] US Bot stopped
2026-08-25 02:38:31 [INFO] ============================================================
2026-08-25 02:38:31 [INFO] US TRADING BOT STARTED
2026-08-25 02:38:31 [INFO] ============================================================
2026-08-25 02:38:31 [INFO] Initializing US Bot...
2026-08-25 02:38:31 [INFO] AlpacaTrader initialized (PAPER)
2026-08-25 02:38:31 [INFO] AlpacaTrader initialized (PAPER)
2026-08-25 02:38:31 [WARNING] Alpaca health check failed: 'latin-1' codec can't encode character '\u2026' in position 6: ordinal not in range(256)
2026-08-25 02:38:31 [ERROR] Alpaca connection established but health check failed
2026-08-25 02:38:31 [INFO] Telegram bot ready
2026-08-25 02:38:31 [INFO] US Bot initialized
2026-08-25 02:38:31 [INFO] [TELEGRAM] 🚀 <b>US Bot Online</b>
Ready for Sharia-compliant US trading...
2026-08-25 02:38:31 [INFO] [TELEGRAM] 🚀 <b>US Bot Online</b>
Ready for Sharia-compliant US trading...
2026-08-25 02:38:31 [INFO] Bookkeeper sync triggered (background)
2026-08-25 02:39:31 [INFO] Bookkeeper sync triggered (background)
2026-08-25 02:40:31 [INFO] Bookkeeper sync triggered (background)
2026-08-25 02:41:31 [INFO] Bookkeeper sync triggered (background)
2026-08-25 02:42:31 [INFO] Bookkeeper sync triggered (background)
2026-08-25 02:43:31 [INFO] Bookkeeper sync triggered (background)
2026-08-25 02:44:31 [INFO] Bookkeeper sync triggered (background)
2026-08-25 02:45:31 [INFO] Bookkeeper sync triggered (background)
2026-08-25 02:46:31 [INFO] Bookkeeper sync triggered (background)
2026-08-25 02:47:32 [INFO] Bookkeeper sync triggered (background)
2026-08-25 02:48:32 [INFO] Bookkeeper sync triggered (background)
2026-08-25 02:49:32 [INFO] Bookkeeper sync triggered (background)
2026-08-25 02:50:32 [INFO] Bookkeeper sync triggered (background)
2026-08-25 02:51:32 [INFO] Bookkeeper sync triggered (background)
2026-08-25 02:52:32 [INFO] Bookkeeper sync triggered (background)
2026-08-25 02:53:32 [INFO] Bookkeeper sync triggered (background)
2026-08-25 02:54:32 [INFO] Bookkeeper sync triggered (background)
2026-08-25 02:55:32 [INFO] Bookkeeper sync triggered (background)
2026-08-25 02:56:32 [INFO] Bookkeeper sync triggered (background)
2026-08-25 02:57:32 [INFO] Bookkeeper sync triggered (background)
2026-08-25 02:58:32 [INFO] Bookkeeper sync triggered (background)
2026-08-25 02:59:32 [INFO] Bookkeeper sync triggered (background)
2026-08-25 03:00:32 [INFO] Bookkeeper sync triggered (background)
2026-08-25 03:01:32 [INFO] Bookkeeper sync triggered (background)
2026-08-25 03:02:32 [INFO] Bookkeeper sync triggered (background)
2026-08-25 03:03:32 [INFO] Bookkeeper sync triggered (background)
2026-08-25 03:04:32 [INFO] Bookkeeper sync triggered (background)
2026-08-25 03:05:32 [INFO] Bookkeeper sync triggered (background)
2026-08-25 03:06:32 [INFO] Bookkeeper sync triggered (background)
2026-08-25 03:07:32 [INFO] Bookkeeper sync triggered (background)
2026-08-25 03:08:32 [INFO] Bookkeeper sync triggered (background)
2026-08-25 03:09:32 [INFO] Bookkeeper sync triggered (background)
2026-08-25 03:10:32 [INFO] Bookkeeper sync triggered (background)
2026-08-25 03:11:32 [INFO] Bookkeeper sync triggered (background)
2026-08-25 03:12:32 [INFO] Bookkeeper sync triggered (background)
2026-08-25 03:13:32 [INFO] Bookkeeper sync triggered (background)
2026-08-25 03:14:32 [INFO] Bookkeeper sync triggered (background)
2026-08-25 03:15:32 [INFO] Bookkeeper sync triggered (background)
2026-08-25 03:16:32 [INFO] Bookkeeper sync triggered (background)
2026-08-25 03:17:32 [INFO] Bookkeeper sync triggered (background)
2026-08-25 03:18:32 [INFO] Bookkeeper sync triggered (background)
2026-08-25 03:19:32 [INFO] Bookkeeper sync triggered (background)
2026-08-25 03:20:32 [INFO] Bookkeeper sync triggered (background)
2026-08-25 03:21:32 [INFO] Bookkeeper sync triggered (background)
2026-08-25 03:22:32 [INFO] Bookkeeper sync triggered (background)
2026-08-25 03:23:32 [INFO] Bookkeeper sync triggered (background)
2026-08-25 03:24:32 [INFO] Bookkeeper sync triggered (background)
2026-08-25 03:25:32 [INFO] Bookkeeper sync triggered (background)
2026-08-25 03:26:32 [INFO] Bookkeeper sync triggered (background)
2026-08-25 03:27:32 [INFO] Bookkeeper sync triggered (background)
2026-08-25 03:28:32 [INFO] Bookkeeper sync triggered (background)
2026-08-25 03:29:32 [INFO] Bookkeeper sync triggered (background)
2026-08-25 03:30:32 [INFO] Bookkeeper sync triggered (background)
2026-08-25 03:31:32 [INFO] Bookkeeper sync triggered (background)
2026-08-25 03:32:32 [INFO] Bookkeeper sync triggered (background)
2026-08-25 03:33:32 [INFO] Bookkeeper sync triggered (background)
2026-08-25 03:34:32 [INFO] Bookkeeper sync triggered (background)
2026-08-25 03:35:32 [INFO] Bookkeeper sync triggered (background)
2026-08-25 03:36:32 [INFO] Bookkeeper sync triggered (background)
2026-08-25 03:37:32 [INFO] Bookkeeper sync triggered (background)
2026-08-25 03:38:32 [INFO] Bookkeeper sync triggered (background)
2026-08-25 03:39:32 [INFO] Bookkeeper sync triggered (background)
2026-08-25 03:40:33 [INFO] Bookkeeper sync triggered (background)
2026-08-25 03:41:33 [INFO] Bookkeeper sync triggered (background)
2026-08-25 03:42:33 [INFO] Bookkeeper sync triggered (background)
2026-08-25 03:43:33 [INFO] Bookkeeper sync triggered (background)
2026-08-25 03:44:33 [INFO] Bookkeeper sync triggered (background)
2026-08-25 03:45:33 [INFO] Bookkeeper sync triggered (background)
2026-08-25 03:46:33 [INFO] Bookkeeper sync triggered (background)
2026-08-25 03:47:33 [INFO] Bookkeeper sync triggered (background)
2026-08-25 03:48:33 [INFO] Bookkeeper sync triggered (background)
2026-08-25 03:49:33 [INFO] Bookkeeper sync triggered (background)
2026-08-25 03:50:33 [INFO] Bookkeeper sync triggered (background)
2026-08-25 03:51:33 [INFO] Bookkeeper sync triggered (background)
2026-08-25 03:52:33 [INFO] Bookkeeper sync triggered (background)
2026-08-25 03:53:33 [INFO] Bookkeeper sync triggered (background)
2026-08-25 03:54:33 [INFO] Bookkeeper sync triggered (background)
2026-08-25 03:55:33 [INFO] Bookkeeper sync triggered (background)
2026-08-25 03:56:33 [INFO] Bookkeeper sync triggered (background)
2026-08-25 03:57:33 [INFO] Bookkeeper sync triggered (background)
2026-08-25 03:58:33 [INFO] Bookkeeper sync triggered (background)
2026-08-25 03:59:33 [INFO] Bookkeeper sync triggered (background)
2026-08-25 04:00:33 [INFO] Bookkeeper sync triggered (background)
2026-08-25 04:01:33 [INFO] Bookkeeper sync triggered (background)
2026-08-25 04:02:33 [INFO] Bookkeeper sync triggered (background)
2026-08-25 04:03:33 [INFO] Bookkeeper sync triggered (background)
2026-08-25 04:04:33 [INFO] Bookkeeper sync triggered (background)
2026-08-25 04:05:33 [INFO] Bookkeeper sync triggered (background)
2026-08-25 04:06:33 [INFO] Bookkeeper sync triggered (background)
2026-08-25 04:07:33 [INFO] Bookkeeper sync triggered (background)
2026-08-25 04:08:33 [INFO] Bookkeeper sync triggered (background)
2026-08-25 04:09:33 [INFO] Bookkeeper sync triggered (background)
2026-08-25 04:10:33 [INFO] Bookkeeper sync triggered (background)
2026-08-25 04:11:33 [INFO] Bookkeeper sync triggered (background)
2026-08-25 04:12:33 [INFO] Bookkeeper sync triggered (background)
2026-08-25 04:13:33 [INFO] Bookkeeper sync triggered (background)
2026-08-25 04:14:33 [INFO] Bookkeeper sync triggered (background)
2026-08-25 04:15:33 [INFO] Bookkeeper sync triggered (background)
2026-08-25 04:16:33 [INFO] Bookkeeper sync triggered (background)
2026-08-25 04:17:33 [INFO] Bookkeeper sync triggered (background)
2026-08-25 04:18:33 [INFO] Bookkeeper sync triggered (background)
2026-08-25 04:19:33 [INFO] Bookkeeper sync triggered (background)
2026-08-25 04:20:33 [INFO] Bookkeeper sync triggered (background)
2026-08-25 04:21:33 [INFO] Bookkeeper sync triggered (background)
2026-08-25 04:22:33 [INFO] Bookkeeper sync triggered (background)
2026-08-25 04:23:33 [INFO] Bookkeeper sync triggered (background)
2026-08-25 04:24:33 [INFO] Bookkeeper sync triggered (background)
2026-08-25 04:25:33 [INFO] Bookkeeper sync triggered (background)
2026-08-25 04:26:33 [INFO] Bookkeeper sync triggered (background)
2026-08-25 04:27:33 [INFO] Bookkeeper sync triggered (background)
2026-08-25 04:28:33 [INFO] Bookkeeper sync triggered (background)
2026-08-25 04:29:33 [INFO] Bookkeeper sync triggered (background)
2026-08-25 04:30:33 [INFO] Bookkeeper sync triggered (background)
2026-08-25 04:31:33 [INFO] Bookkeeper sync triggered (background)
2026-08-25 04:32:33 [INFO] Bookkeeper sync triggered (background)
2026-08-25 04:33:33 [INFO] Bookkeeper sync triggered (background)
2026-08-25 04:34:33 [INFO] Bookkeeper sync triggered (background)
2026-08-25 04:35:34 [INFO] Bookkeeper sync triggered (background)
2026-08-25 04:36:34 [INFO] Bookkeeper sync triggered (background)
2026-08-25 04:37:34 [INFO] Bookkeeper sync triggered (background)
2026-08-25 04:38:34 [INFO] Bookkeeper sync triggered (background)
2026-08-25 04:39:34 [INFO] Bookkeeper sync triggered (background)
2026-08-25 04:40:34 [INFO] Bookkeeper sync triggered (background)
2026-08-25 04:41:34 [INFO] Bookkeeper sync triggered (background)
2026-08-25 04:42:34 [INFO] Bookkeeper sync triggered (background)
2026-08-25 04:43:34 [INFO] Bookkeeper sync triggered (background)
2026-08-25 04:44:34 [INFO] Bookkeeper sync triggered (background)
2026-08-25 04:45:34 [INFO] Bookkeeper sync triggered (background)
2026-08-25 04:46:34 [INFO] Bookkeeper sync triggered (background)
2026-08-25 04:47:34 [INFO] Bookkeeper sync triggered (background)
2026-08-25 04:48:34 [INFO] Bookkeeper sync triggered (background)
2026-08-25 04:49:34 [INFO] Bookkeeper sync triggered (background)
2026-08-25 04:50:34 [INFO] Bookkeeper sync triggered (background)
2026-08-25 04:51:34 [INFO] Bookkeeper sync triggered (background)
2026-08-25 04:52:34 [INFO] Bookkeeper sync triggered (background)
2026-08-25 04:53:34 [INFO] Bookkeeper sync triggered (background)
2026-08-25 04:54:34 [INFO] Bookkeeper sync triggered (background)
2026-08-25 04:55:34 [INFO] Bookkeeper sync triggered (background)
2026-08-25 04:56:34 [INFO] Bookkeeper sync triggered (background)
2026-08-25 04:57:34 [INFO] Bookkeeper sync triggered (background)
2026-08-25 04:58:34 [INFO] Bookkeeper sync triggered (background)
2026-08-25 04:59:34 [INFO] Bookkeeper sync triggered (background)
2026-08-25 05:00:34 [INFO] Bookkeeper sync triggered (background)
2026-08-25 05:01:34 [INFO] Bookkeeper sync triggered (background)
2026-08-25 05:02:34 [INFO] Bookkeeper sync triggered (background)
2026-08-25 05:03:34 [INFO] Bookkeeper sync triggered (background)
2026-08-25 05:04:34 [INFO] Bookkeeper sync triggered (background)
2026-08-25 05:05:34 [INFO] Bookkeeper sync triggered (background)
2026-08-25 05:06:34 [INFO] Bookkeeper sync triggered (background)
2026-08-25 05:07:34 [INFO] Bookkeeper sync triggered (background)
2026-08-25 05:08:34 [INFO] Bookkeeper sync triggered (background)
2026-08-25 05:09:34 [INFO] Bookkeeper sync triggered (background)
2026-08-25 05:10:34 [INFO] Bookkeeper sync triggered (background)
2026-08-25 05:11:34 [INFO] Bookkeeper sync triggered (background)
2026-08-25 05:12:34 [INFO] Bookkeeper sync triggered (background)
2026-08-25 05:13:34 [INFO] Bookkeeper sync triggered (background)
2026-08-25 05:14:34 [INFO] Bookkeeper sync triggered (background)
2026-08-25 05:15:34 [INFO] Bookkeeper sync triggered (background)
2026-08-25 05:16:34 [INFO] Bookkeeper sync triggered (background)
2026-08-25 05:17:34 [INFO] Bookkeeper sync triggered (background)
2026-08-25 05:18:34 [INFO] Bookkeeper sync triggered (background)
2026-08-25 05:19:34 [INFO] Bookkeeper sync triggered (background)
2026-08-25 05:20:34 [INFO] Bookkeeper sync triggered (background)
2026-08-25 05:21:34 [INFO] Bookkeeper sync triggered (background)
2026-08-25 05:22:34 [INFO] Bookkeeper sync triggered (background)
2026-08-25 05:23:34 [INFO] Bookkeeper sync triggered (background)
2026-08-25 05:24:34 [INFO] Bookkeeper sync triggered (background)
2026-08-25 05:25:34 [INFO] Bookkeeper sync triggered (background)
2026-08-25 05:26:34 [INFO] Bookkeeper sync triggered (background)
2026-08-25 05:27:34 [INFO] Bookkeeper sync triggered (background)
2026-08-25 05:28:34 [INFO] Bookkeeper sync triggered (background)
2026-08-25 05:29:34 [INFO] Bookkeeper sync triggered (background)
2026-08-25 05:30:34 [INFO] Bookkeeper sync triggered (background)
2026-08-25 05:31:35 [INFO] Bookkeeper sync triggered (background)
2026-08-25 05:32:35 [INFO] Bookkeeper sync triggered (background)
2026-08-25 05:33:35 [INFO] Bookkeeper sync triggered (background)
2026-08-25 05:34:35 [INFO] Bookkeeper sync triggered (background)
2026-08-25 05:35:35 [INFO] Bookkeeper sync triggered (background)
2026-08-25 05:36:35 [INFO] Bookkeeper sync triggered (background)
2026-08-25 05:37:35 [INFO] Bookkeeper sync triggered (background)
2026-08-25 05:38:35 [INFO] Bookkeeper sync triggered (background)
2026-08-25 05:39:35 [INFO] Bookkeeper sync triggered (background)
2026-08-25 05:40:35 [INFO] Bookkeeper sync triggered (background)
2026-08-25 05:41:35 [INFO] Bookkeeper sync triggered (background)
2026-08-25 05:42:35 [INFO] Bookkeeper sync triggered (background)
2026-08-25 05:43:35 [INFO] Bookkeeper sync triggered (background)
2026-08-25 05:44:35 [INFO] Bookkeeper sync triggered (background)
2026-08-25 05:45:35 [INFO] Bookkeeper sync triggered (background)
2026-08-25 05:46:35 [INFO] Bookkeeper sync triggered (background)
2026-08-25 05:47:35 [INFO] Bookkeeper sync triggered (background)
2026-08-25 05:48:35 [INFO] Bookkeeper sync triggered (background)
2026-08-25 05:49:35 [INFO] Bookkeeper sync triggered (background)
2026-08-25 05:50:35 [INFO] Bookkeeper sync triggered (background)
2026-08-25 05:51:35 [INFO] Bookkeeper sync triggered (background)
2026-08-25 05:52:35 [INFO] Bookkeeper sync triggered (background)
2026-08-25 05:53:35 [INFO] Bookkeeper sync triggered (background)
2026-08-25 05:54:35 [INFO] Bookkeeper sync triggered (background)
2026-08-25 05:55:35 [INFO] Bookkeeper sync triggered (background)
2026-08-25 05:56:35 [INFO] Bookkeeper sync triggered (background)
2026-08-25 05:57:35 [INFO] Bookkeeper sync triggered (background)
2026-08-25 05:58:35 [INFO] Bookkeeper sync triggered (background)
2026-08-25 05:59:35 [INFO] Bookkeeper sync triggered (background)
2026-08-25 06:00:35 [INFO] Bookkeeper sync triggered (background)
2026-08-25 06:01:35 [INFO] Bookkeeper sync triggered (background)
2026-08-25 06:02:35 [INFO] Bookkeeper sync triggered (background)
2026-08-25 06:03:35 [INFO] Bookkeeper sync triggered (background)
2026-08-25 06:04:35 [INFO] Bookkeeper sync triggered (background)
2026-08-25 06:05:35 [INFO] Bookkeeper sync triggered (background)
2026-08-25 06:06:35 [INFO] Bookkeeper sync triggered (background)
2026-08-25 06:07:35 [INFO] Bookkeeper sync triggered (background)
2026-08-25 06:08:35 [INFO] Bookkeeper sync triggered (background)
2026-08-25 06:09:35 [INFO] Bookkeeper sync triggered (background)
2026-08-25 06:10:35 [INFO] Bookkeeper sync triggered (background)
2026-08-25 06:11:35 [INFO] Bookkeeper sync triggered (background)
2026-08-25 06:12:35 [INFO] Bookkeeper sync triggered (background)
2026-08-25 06:13:35 [INFO] Bookkeeper sync triggered (background)
2026-08-25 06:14:35 [INFO] Bookkeeper sync triggered (background)
2026-08-25 06:15:35 [INFO] Bookkeeper sync triggered (background)
2026-08-25 06:16:35 [INFO] Bookkeeper sync triggered (background)
2026-08-25 06:17:35 [INFO] Bookkeeper sync triggered (background)
2026-08-25 06:18:35 [INFO] Bookkeeper sync triggered (background)
2026-08-25 06:19:35 [INFO] Bookkeeper sync triggered (background)
2026-08-25 06:20:35 [INFO] Bookkeeper sync triggered (background)
2026-08-25 06:21:35 [INFO] Bookkeeper sync triggered (background)
2026-08-25 06:22:35 [INFO] Bookkeeper sync triggered (background)
2026-08-25 06:23:35 [INFO] Bookkeeper sync triggered (background)
2026-08-25 06:24:36 [INFO] Bookkeeper sync triggered (background)
2026-08-25 06:25:36 [INFO] Bookkeeper sync triggered (background)
2026-08-25 06:26:36 [INFO] Bookkeeper sync triggered (background)
2026-08-25 06:27:36 [INFO] Bookkeeper sync triggered (background)
2026-08-25 06:28:36 [INFO] Bookkeeper sync triggered (background)
2026-08-25 06:29:36 [INFO] Bookkeeper sync triggered (background)
2026-08-25 06:30:36 [INFO] Bookkeeper sync triggered (background)
2026-08-25 06:31:36 [INFO] Bookkeeper sync triggered (background)
2026-08-25 06:32:36 [INFO] Bookkeeper sync triggered (background)
2026-08-25 06:33:36 [INFO] Bookkeeper sync triggered (background)
2026-08-25 06:34:36 [INFO] Bookkeeper sync triggered (background)
2026-08-25 06:35:36 [INFO] Bookkeeper sync triggered (background)
2026-08-25 06:36:36 [INFO] Bookkeeper sync triggered (background)
2026-08-25 06:37:36 [INFO] Bookkeeper sync triggered (background)
2026-08-25 06:38:36 [INFO] Bookkeeper sync triggered (background)
2026-08-25 06:39:36 [INFO] Bookkeeper sync triggered (background)
2026-08-25 06:40:36 [INFO] Bookkeeper sync triggered (background)
2026-08-25 06:41:36 [INFO] Bookkeeper sync triggered (background)
2026-08-25 06:42:36 [INFO] Bookkeeper sync triggered (background)
2026-08-25 06:43:36 [INFO] Bookkeeper sync triggered (background)
2026-08-25 06:44:36 [INFO] Bookkeeper sync triggered (background)
2026-08-25 06:45:36 [INFO] Bookkeeper sync triggered (background)
2026-08-25 06:46:36 [INFO] Bookkeeper sync triggered (background)
2026-08-25 06:47:36 [INFO] Bookkeeper sync triggered (background)
2026-08-25 06:48:36 [INFO] Bookkeeper sync triggered (background)
2026-08-25 06:49:36 [INFO] Bookkeeper sync triggered (background)
2026-08-25 06:50:36 [INFO] Bookkeeper sync triggered (background)
2026-08-25 06:51:36 [INFO] Bookkeeper sync triggered (background)
2026-08-25 06:52:36 [INFO] Bookkeeper sync triggered (background)
2026-08-25 06:53:36 [INFO] Bookkeeper sync triggered (background)
2026-08-25 06:54:36 [INFO] Bookkeeper sync triggered (background)
2026-08-25 06:55:36 [INFO] Bookkeeper sync triggered (background)
2026-08-25 06:56:36 [INFO] Bookkeeper sync triggered (background)
2026-08-25 06:57:36 [INFO] Bookkeeper sync triggered (background)
2026-08-25 06:58:36 [INFO] Bookkeeper sync triggered (background)
2026-08-25 06:59:36 [INFO] Bookkeeper sync triggered (background)
2026-08-25 07:00:36 [INFO] Bookkeeper sync triggered (background)
2026-08-25 07:01:36 [INFO] Bookkeeper sync triggered (background)
2026-08-25 07:02:36 [INFO] Bookkeeper sync triggered (background)
2026-08-25 07:03:36 [INFO] Bookkeeper sync triggered (background)
2026-08-25 07:04:36 [INFO] Bookkeeper sync triggered (background)
2026-08-25 07:05:36 [INFO] Bookkeeper sync triggered (background)
2026-08-25 07:06:36 [INFO] Bookkeeper sync triggered (background)
2026-08-25 07:07:36 [INFO] Bookkeeper sync triggered (background)
2026-08-25 07:08:36 [INFO] Bookkeeper sync triggered (background)
2026-08-25 07:09:36 [INFO] Bookkeeper sync triggered (background)
2026-08-25 07:10:36 [INFO] Bookkeeper sync triggered (background)
2026-08-25 07:11:36 [INFO] Bookkeeper sync triggered (background)
2026-08-25 07:12:36 [INFO] Bookkeeper sync triggered (background)
2026-08-25 07:13:36 [INFO] Bookkeeper sync triggered (background)
2026-08-25 07:14:36 [INFO] Bookkeeper sync triggered (background)
2026-08-25 07:15:36 [INFO] Bookkeeper sync triggered (background)
2026-08-25 07:16:36 [INFO] Bookkeeper sync triggered (background)
2026-08-25 07:17:36 [INFO] Bookkeeper sync triggered (background)
2026-08-25 07:18:37 [INFO] Bookkeeper sync triggered (background)
2026-08-25 07:19:37 [INFO] Bookkeeper sync triggered (background)
2026-08-25 07:20:37 [INFO] Bookkeeper sync triggered (background)
2026-08-25 07:21:37 [INFO] Bookkeeper sync triggered (background)
2026-08-25 07:22:37 [INFO] Bookkeeper sync triggered (background)
2026-08-25 07:23:37 [INFO] Bookkeeper sync triggered (background)
2026-08-25 07:24:37 [INFO] Bookkeeper sync triggered (background)
2026-08-25 07:25:37 [INFO] Bookkeeper sync triggered (background)
2026-08-25 07:26:37 [INFO] Bookkeeper sync triggered (background)
2026-08-25 07:27:37 [INFO] Bookkeeper sync triggered (background)
2026-08-25 07:28:37 [INFO] Bookkeeper sync triggered (background)
2026-08-25 07:29:37 [INFO] Bookkeeper sync triggered (background)
2026-08-25 07:30:37 [INFO] Bookkeeper sync triggered (background)
2026-08-25 07:31:37 [INFO] Bookkeeper sync triggered (background)
2026-08-25 07:32:37 [INFO] Bookkeeper sync triggered (background)
2026-08-25 07:33:37 [INFO] Bookkeeper sync triggered (background)
2026-08-25 07:34:37 [INFO] Bookkeeper sync triggered (background)
2026-08-25 07:35:37 [INFO] Bookkeeper sync triggered (background)
2026-08-25 07:36:37 [INFO] Bookkeeper sync triggered (background)
2026-08-25 07:37:37 [INFO] Bookkeeper sync triggered (background)
2026-08-25 07:38:37 [INFO] Bookkeeper sync triggered (background)
2026-08-25 07:39:37 [INFO] Bookkeeper sync triggered (background)
2026-08-25 07:40:37 [INFO] Bookkeeper sync triggered (background)
2026-08-25 07:41:37 [INFO] Bookkeeper sync triggered (background)
2026-08-25 07:42:37 [INFO] Bookkeeper sync triggered (background)
2026-08-25 07:43:37 [INFO] Bookkeeper sync triggered (background)
2026-08-25 07:44:37 [INFO] Bookkeeper sync triggered (background)
2026-08-25 07:45:37 [INFO] Bookkeeper sync triggered (background)
2026-08-25 07:46:37 [INFO] Bookkeeper sync triggered (background)
2026-08-25 07:47:37 [INFO] Bookkeeper sync triggered (background)
2026-08-25 07:48:37 [INFO] Bookkeeper sync triggered (background)
2026-08-25 07:49:37 [INFO] Bookkeeper sync triggered (background)
2026-08-25 07:50:37 [INFO] Bookkeeper sync triggered (background)
2026-08-25 07:51:37 [INFO] Bookkeeper sync triggered (background)
2026-08-25 07:52:37 [INFO] Bookkeeper sync triggered (background)
2026-08-25 07:53:37 [INFO] Bookkeeper sync triggered (background)
2026-08-25 07:54:37 [INFO] Bookkeeper sync triggered (background)
2026-08-25 07:55:37 [INFO] Bookkeeper sync triggered (background)
2026-08-25 07:56:37 [INFO] Bookkeeper sync triggered (background)
2026-08-25 07:57:37 [INFO] Bookkeeper sync triggered (background)
2026-08-25 07:58:37 [INFO] Bookkeeper sync triggered (background)
2026-08-25 07:59:37 [INFO] Bookkeeper sync triggered (background)
2026-08-25 08:00:37 [INFO] Bookkeeper sync triggered (background)
2026-08-25 08:01:37 [INFO] Bookkeeper sync triggered (background)
2026-08-25 08:02:37 [INFO] Bookkeeper sync triggered (background)
2026-08-25 08:03:37 [INFO] Bookkeeper sync triggered (background)
2026-08-25 08:04:37 [INFO] Bookkeeper sync triggered (background)
2026-08-25 08:05:37 [INFO] Bookkeeper sync triggered (background)
2026-08-25 08:06:37 [INFO] Bookkeeper sync triggered (background)
2026-08-25 08:07:37 [INFO] Bookkeeper sync triggered (background)
2026-08-25 08:08:37 [INFO] Bookkeeper sync triggered (background)
2026-08-25 08:09:37 [INFO] Bookkeeper sync triggered (background)
2026-08-25 08:10:37 [INFO] Bookkeeper sync triggered (background)
2026-08-25 08:11:37 [INFO] Bookkeeper sync triggered (background)
2026-08-25 08:12:38 [INFO] Bookkeeper sync triggered (background)
2026-08-25 08:13:38 [INFO] Bookkeeper sync triggered (background)
2026-08-25 08:14:38 [INFO] Bookkeeper sync triggered (background)
2026-08-25 08:15:38 [INFO] Bookkeeper sync triggered (background)
2026-08-25 08:16:38 [INFO] Bookkeeper sync triggered (background)
2026-08-25 08:17:38 [INFO] Bookkeeper sync triggered (background)
2026-08-25 08:18:38 [INFO] Bookkeeper sync triggered (background)
2026-08-25 08:19:38 [INFO] Bookkeeper sync triggered (background)
2026-08-25 08:20:38 [INFO] Bookkeeper sync triggered (background)
2026-08-25 08:21:38 [INFO] Bookkeeper sync triggered (background)
2026-08-25 08:22:38 [INFO] Bookkeeper sync triggered (background)
2026-08-25 08:23:38 [INFO] Bookkeeper sync triggered (background)
2026-08-25 08:24:38 [INFO] Bookkeeper sync triggered (background)
2026-08-25 08:25:38 [INFO] Bookkeeper sync triggered (background)
2026-08-25 08:26:38 [INFO] Bookkeeper sync triggered (background)
2026-08-25 08:27:38 [INFO] Bookkeeper sync triggered (background)
2026-08-25 08:28:38 [INFO] Bookkeeper sync triggered (background)
2026-08-25 08:29:38 [INFO] Bookkeeper sync triggered (background)
2026-08-25 08:30:38 [INFO] Bookkeeper sync triggered (background)
2026-08-25 08:31:38 [INFO] Bookkeeper sync triggered (background)
2026-08-25 08:32:38 [INFO] Bookkeeper sync triggered (background)
2026-08-25 08:33:38 [INFO] Bookkeeper sync triggered (background)
2026-08-25 08:34:38 [INFO] Bookkeeper sync triggered (background)
2026-08-25 08:35:38 [INFO] Bookkeeper sync triggered (background)
2026-08-25 08:36:38 [INFO] Bookkeeper sync triggered (background)
2026-08-25 08:37:38 [INFO] Bookkeeper sync triggered (background)
2026-08-25 08:38:38 [INFO] Bookkeeper sync triggered (background)
2026-08-25 08:39:38 [INFO] Bookkeeper sync triggered (background)
2026-08-25 08:40:38 [INFO] Bookkeeper sync triggered (background)
2026-08-25 08:41:38 [INFO] Bookkeeper sync triggered (background)
2026-08-25 08:42:38 [INFO] Bookkeeper sync triggered (background)
2026-08-25 08:43:38 [INFO] Bookkeeper sync triggered (background)
2026-08-25 08:44:38 [INFO] Bookkeeper sync triggered (background)
2026-08-25 08:45:38 [INFO] Bookkeeper sync triggered (background)
2026-08-25 08:46:38 [INFO] Bookkeeper sync triggered (background)
2026-08-25 08:47:38 [INFO] Bookkeeper sync triggered (background)
2026-08-25 08:48:38 [INFO] Bookkeeper sync triggered (background)
2026-08-25 08:49:38 [INFO] Bookkeeper sync triggered (background)
2026-08-25 08:50:38 [INFO] Bookkeeper sync triggered (background)
2026-08-25 08:51:38 [INFO] Bookkeeper sync triggered (background)
2026-08-25 08:52:38 [INFO] Bookkeeper sync triggered (background)
2026-08-25 08:53:38 [INFO] Bookkeeper sync triggered (background)
2026-08-25 08:54:38 [INFO] Bookkeeper sync triggered (background)
2026-08-25 08:55:38 [INFO] Bookkeeper sync triggered (background)
2026-08-25 08:56:38 [INFO] Bookkeeper sync triggered (background)
2026-08-25 08:57:38 [INFO] Bookkeeper sync triggered (background)
2026-08-25 08:58:38 [INFO] Bookkeeper sync triggered (background)
2026-08-25 08:59:38 [INFO] Bookkeeper sync triggered (background)
2026-08-25 09:00:38 [INFO] Bookkeeper sync triggered (background)
2026-08-25 09:01:38 [INFO] Bookkeeper sync triggered (background)
2026-08-25 09:02:38 [INFO] Bookkeeper sync triggered (background)
2026-08-25 09:03:38 [INFO] Bookkeeper sync triggered (background)
2026-08-25 09:04:38 [INFO] Bookkeeper sync triggered (background)
2026-08-25 09:05:38 [INFO] Bookkeeper sync triggered (background)
2026-08-25 09:06:38 [INFO] Bookkeeper sync triggered (background)
2026-08-25 09:07:39 [INFO] Bookkeeper sync triggered (background)
2026-08-25 09:08:39 [INFO] Bookkeeper sync triggered (background)
2026-08-25 09:09:39 [INFO] Bookkeeper sync triggered (background)
2026-08-25 09:10:39 [INFO] Bookkeeper sync triggered (background)
2026-08-25 09:11:39 [INFO] Bookkeeper sync triggered (background)
2026-08-25 09:12:39 [INFO] Bookkeeper sync triggered (background)
2026-08-25 09:13:39 [INFO] Bookkeeper sync triggered (background)
2026-08-25 09:14:39 [INFO] Bookkeeper sync triggered (background)
2026-08-25 09:15:39 [INFO] Bookkeeper sync triggered (background)
2026-08-25 09:16:39 [INFO] Bookkeeper sync triggered (background)
2026-08-25 09:17:39 [INFO] Bookkeeper sync triggered (background)
2026-08-25 09:18:39 [INFO] Bookkeeper sync triggered (background)
2026-08-25 09:19:39 [INFO] Bookkeeper sync triggered (background)
2026-08-25 09:20:39 [INFO] Bookkeeper sync triggered (background)
2026-08-25 09:21:39 [INFO] Bookkeeper sync triggered (background)
2026-08-25 09:22:39 [INFO] Bookkeeper sync triggered (background)
2026-08-25 09:23:39 [INFO] Bookkeeper sync triggered (background)
2026-08-25 09:24:39 [INFO] Bookkeeper sync triggered (background)
2026-08-25 09:25:39 [INFO] Bookkeeper sync triggered (background)
2026-08-25 09:26:39 [INFO] Bookkeeper sync triggered (background)
2026-08-25 09:27:39 [INFO] Bookkeeper sync triggered (background)
2026-08-25 09:28:39 [INFO] Bookkeeper sync triggered (background)
2026-08-25 09:29:39 [INFO] Bookkeeper sync triggered (background)
2026-08-25 09:30:39 [INFO] Bookkeeper sync triggered (background)
2026-08-25 09:31:39 [INFO] Bookkeeper sync triggered (background)
2026-08-25 09:32:39 [INFO] Bookkeeper sync triggered (background)
2026-08-25 09:33:39 [INFO] Bookkeeper sync triggered (background)
2026-08-25 09:34:39 [INFO] Bookkeeper sync triggered (background)
2026-08-25 09:35:39 [INFO] Bookkeeper sync triggered (background)
2026-08-25 09:36:39 [INFO] Bookkeeper sync triggered (background)
2026-08-25 09:37:39 [INFO] Bookkeeper sync triggered (background)
2026-08-25 09:38:39 [INFO] Bookkeeper sync triggered (background)
2026-08-25 09:39:39 [INFO] Bookkeeper sync triggered (background)
2026-08-25 09:40:39 [INFO] Bookkeeper sync triggered (background)
2026-08-25 09:41:39 [INFO] Bookkeeper sync triggered (background)
2026-08-25 09:42:39 [INFO] Bookkeeper sync triggered (background)
2026-08-25 09:43:39 [INFO] Bookkeeper sync triggered (background)
2026-08-25 09:44:39 [INFO] Bookkeeper sync triggered (background)
2026-08-25 09:45:39 [INFO] Bookkeeper sync triggered (background)
2026-08-25 09:46:39 [INFO] Bookkeeper sync triggered (background)
2026-08-25 09:47:39 [INFO] Bookkeeper sync triggered (background)
2026-08-25 09:48:39 [INFO] Bookkeeper sync triggered (background)
2026-08-25 09:49:39 [INFO] Bookkeeper sync triggered (background)
2026-08-25 09:50:39 [INFO] Bookkeeper sync triggered (background)
2026-08-25 09:51:39 [INFO] Bookkeeper sync triggered (background)
2026-08-25 09:52:39 [INFO] Bookkeeper sync triggered (background)
2026-08-25 09:53:39 [INFO] Bookkeeper sync triggered (background)
2026-08-25 09:54:39 [INFO] Bookkeeper sync triggered (background)
2026-08-25 09:55:39 [INFO] Bookkeeper sync triggered (background)
2026-08-25 09:56:39 [INFO] Bookkeeper sync triggered (background)
2026-08-25 09:57:39 [INFO] Bookkeeper sync triggered (background)
2026-08-25 09:58:39 [INFO] Bookkeeper sync triggered (background)
2026-08-25 09:59:39 [INFO] Bookkeeper sync triggered (background)
2026-08-25 10:00:39 [INFO] Bookkeeper sync triggered (background)
2026-08-25 10:01:39 [INFO] Bookkeeper sync triggered (background)
2026-08-25 10:02:39 [INFO] Bookkeeper sync triggered (background)
2026-08-25 10:03:39 [INFO] Bookkeeper sync triggered (background)
2026-08-25 10:04:39 [INFO] Bookkeeper sync triggered (background)
2026-08-25 10:05:39 [INFO] Bookkeeper sync triggered (background)
2026-08-25 10:06:39 [INFO] Bookkeeper sync triggered (background)
2026-08-25 10:07:39 [INFO] Bookkeeper sync triggered (background)
2026-08-25 10:08:40 [INFO] Bookkeeper sync triggered (background)
2026-08-25 10:09:40 [INFO] Bookkeeper sync triggered (background)
2026-08-25 10:10:40 [INFO] Bookkeeper sync triggered (background)
2026-08-25 10:11:40 [INFO] Bookkeeper sync triggered (background)
2026-08-25 10:12:40 [INFO] Bookkeeper sync triggered (background)
2026-08-25 10:13:40 [INFO] Bookkeeper sync triggered (background)
2026-08-25 10:14:40 [INFO] Bookkeeper sync triggered (background)
2026-08-25 10:15:40 [INFO] Bookkeeper sync triggered (background)
2026-08-25 10:16:40 [INFO] Bookkeeper sync triggered (background)
2026-08-25 10:17:40 [INFO] Bookkeeper sync triggered (background)
2026-08-25 10:18:40 [INFO] Bookkeeper sync triggered (background)
2026-08-25 10:19:40 [INFO] Bookkeeper sync triggered (background)
2026-08-25 10:20:40 [INFO] Bookkeeper sync triggered (background)
2026-08-25 10:21:40 [INFO] Bookkeeper sync triggered (background)
2026-08-25 10:22:40 [INFO] Bookkeeper sync triggered (background)
2026-08-25 10:23:40 [INFO] Bookkeeper sync triggered (background)
2026-08-25 10:24:40 [INFO] Bookkeeper sync triggered (background)
2026-08-25 10:25:40 [INFO] Bookkeeper sync triggered (background)
2026-08-25 10:26:40 [INFO] Bookkeeper sync triggered (background)
2026-08-25 10:27:40 [INFO] Bookkeeper sync triggered (background)
2026-08-25 10:28:40 [INFO] Bookkeeper sync triggered (background)
2026-08-25 10:29:40 [INFO] Bookkeeper sync triggered (background)
2026-08-25 10:30:40 [INFO] Bookkeeper sync triggered (background)
2026-08-25 10:31:40 [INFO] Bookkeeper sync triggered (background)
2026-08-25 10:32:40 [INFO] Bookkeeper sync triggered (background)
2026-08-25 10:33:40 [INFO] Bookkeeper sync triggered (background)
2026-08-25 10:34:40 [INFO] Bookkeeper sync triggered (background)
2026-08-25 10:35:40 [INFO] Bookkeeper sync triggered (background)
2026-08-25 10:36:40 [INFO] Bookkeeper sync triggered (background)
2026-08-25 10:37:40 [INFO] Bookkeeper sync triggered (background)
2026-08-25 10:38:40 [INFO] Bookkeeper sync triggered (background)
2026-08-25 10:39:40 [INFO] Bookkeeper sync triggered (background)
2026-08-25 10:40:40 [INFO] Bookkeeper sync triggered (background)
2026-08-25 10:41:40 [INFO] Bookkeeper sync triggered (background)
2026-08-25 10:42:40 [INFO] Bookkeeper sync triggered (background)
2026-08-25 10:43:40 [INFO] Bookkeeper sync triggered (background)
2026-08-25 10:44:40 [INFO] Bookkeeper sync triggered (background)
2026-08-25 10:45:40 [INFO] Bookkeeper sync triggered (background)
2026-08-25 10:46:40 [INFO] Bookkeeper sync triggered (background)
2026-08-25 10:47:40 [INFO] Bookkeeper sync triggered (background)
2026-08-25 10:48:40 [INFO] Bookkeeper sync triggered (background)
2026-08-25 10:49:40 [INFO] Bookkeeper sync triggered (background)
2026-08-25 10:50:40 [INFO] Bookkeeper sync triggered (background)
2026-08-25 10:51:40 [INFO] Bookkeeper sync triggered (background)
2026-08-25 10:52:40 [INFO] Bookkeeper sync triggered (background)
2026-08-25 10:53:40 [INFO] Bookkeeper sync triggered (background)
2026-08-25 10:54:40 [INFO] Bookkeeper sync triggered (background)
2026-08-25 10:55:40 [INFO] Bookkeeper sync triggered (background)
2026-08-25 10:56:40 [INFO] Bookkeeper sync triggered (background)
2026-08-25 10:57:40 [INFO] Bookkeeper sync triggered (background)
2026-08-25 10:58:40 [INFO] Bookkeeper sync triggered (background)
2026-08-25 10:59:40 [INFO] Bookkeeper sync triggered (background)
2026-08-25 11:00:40 [INFO] Bookkeeper sync triggered (background)
2026-08-25 11:01:40 [INFO] Bookkeeper sync triggered (background)
2026-08-25 11:02:40 [INFO] Bookkeeper sync triggered (background)
2026-08-25 11:03:40 [INFO] Bookkeeper sync triggered (background)
2026-08-25 11:04:40 [INFO] Bookkeeper sync triggered (background)
2026-08-25 11:05:40 [INFO] Bookkeeper sync triggered (background)
2026-08-25 11:06:40 [INFO] Bookkeeper sync triggered (background)
2026-08-25 11:07:40 [INFO] Bookkeeper sync triggered (background)
2026-08-25 11:08:40 [INFO] Bookkeeper sync triggered (background)
2026-08-25 11:09:40 [INFO] Bookkeeper sync triggered (background)
2026-08-25 11:10:40 [INFO] Bookkeeper sync triggered (background)
2026-08-25 11:11:40 [INFO] Bookkeeper sync triggered (background)
2026-08-25 11:12:41 [INFO] Bookkeeper sync triggered (background)
2026-08-25 11:13:41 [INFO] Bookkeeper sync triggered (background)
2026-08-25 11:14:41 [INFO] Bookkeeper sync triggered (background)
2026-08-25 11:15:41 [INFO] Bookkeeper sync triggered (background)
2026-08-25 11:16:41 [INFO] Bookkeeper sync triggered (background)
2026-08-25 11:17:41 [INFO] Bookkeeper sync triggered (background)
2026-08-25 11:18:41 [INFO] Bookkeeper sync triggered (background)
2026-08-25 11:19:41 [INFO] Bookkeeper sync triggered (background)
2026-08-25 11:20:41 [INFO] Bookkeeper sync triggered (background)
2026-08-25 11:21:41 [INFO] Bookkeeper sync triggered (background)
2026-08-25 11:22:41 [INFO] Bookkeeper sync triggered (background)
2026-08-25 11:23:41 [INFO] Bookkeeper sync triggered (background)
2026-08-25 11:24:41 [INFO] Bookkeeper sync triggered (background)
2026-08-25 11:25:41 [INFO] Bookkeeper sync triggered (background)
2026-08-25 11:26:41 [INFO] Bookkeeper sync triggered (background)
2026-08-25 11:27:41 [INFO] Bookkeeper sync triggered (background)
2026-08-25 11:28:41 [INFO] Bookkeeper sync triggered (background)
2026-08-25 11:29:41 [INFO] Bookkeeper sync triggered (background)
2026-08-25 11:30:41 [INFO] Bookkeeper sync triggered (background)
2026-08-25 11:31:41 [INFO] Bookkeeper sync triggered (background)
2026-08-25 11:32:41 [INFO] Bookkeeper sync triggered (background)
2026-08-25 11:33:41 [INFO] Bookkeeper sync triggered (background)
2026-08-25 11:34:41 [INFO] Bookkeeper sync triggered (background)
2026-08-25 11:35:41 [INFO] Bookkeeper sync triggered (background)
2026-08-25 11:36:41 [INFO] Bookkeeper sync triggered (background)
2026-08-25 11:37:41 [INFO] Bookkeeper sync triggered (background)
2026-08-25 11:38:41 [INFO] Bookkeeper sync triggered (background)
2026-08-25 11:39:41 [INFO] Bookkeeper sync triggered (background)
2026-08-25 11:40:41 [INFO] Bookkeeper sync triggered (background)
2026-08-25 11:41:41 [INFO] Bookkeeper sync triggered (background)
2026-08-25 11:42:41 [INFO] Bookkeeper sync triggered (background)
2026-08-25 11:43:41 [INFO] Bookkeeper sync triggered (background)
2026-08-25 11:44:41 [INFO] Bookkeeper sync triggered (background)
2026-08-25 11:45:41 [INFO] Bookkeeper sync triggered (background)
2026-08-25 11:46:41 [INFO] Bookkeeper sync triggered (background)
2026-08-25 11:47:41 [INFO] Bookkeeper sync triggered (background)
2026-08-25 11:48:41 [INFO] Bookkeeper sync triggered (background)
2026-08-25 11:49:41 [INFO] Bookkeeper sync triggered (background)
2026-08-25 11:50:41 [INFO] Bookkeeper sync triggered (background)
2026-08-25 11:51:41 [INFO] Bookkeeper sync triggered (background)
2026-08-25 11:52:41 [INFO] Bookkeeper sync triggered (background)
2026-08-25 11:53:41 [INFO] Bookkeeper sync triggered (background)
2026-08-25 11:54:41 [INFO] Bookkeeper sync triggered (background)
2026-08-25 11:55:41 [INFO] Bookkeeper sync triggered (background)
2026-08-25 11:56:41 [INFO] Bookkeeper sync triggered (background)
2026-08-25 11:57:41 [INFO] Bookkeeper sync triggered (background)
2026-08-25 11:58:41 [INFO] Bookkeeper sync triggered (background)
2026-08-25 11:59:41 [INFO] Bookkeeper sync triggered (background)
2026-08-25 12:00:41 [INFO] Bookkeeper sync triggered (background)
2026-08-25 12:01:41 [INFO] Bookkeeper sync triggered (background)
2026-08-25 12:02:41 [INFO] Bookkeeper sync triggered (background)
2026-08-25 12:03:41 [INFO] Bookkeeper sync triggered (background)
2026-08-25 12:04:41 [INFO] Bookkeeper sync triggered (background)
2026-08-25 12:05:41 [INFO] Bookkeeper sync triggered (background)
2026-08-25 12:06:41 [INFO] Bookkeeper sync triggered (background)
2026-08-25 12:07:41 [INFO] Bookkeeper sync triggered (background)
2026-08-25 12:08:41 [INFO] Bookkeeper sync triggered (background)
2026-08-25 12:09:41 [INFO] Bookkeeper sync triggered (background)
2026-08-25 12:10:41 [INFO] Bookkeeper sync triggered (background)
2026-08-25 12:11:41 [INFO] Bookkeeper sync triggered (background)
2026-08-25 12:12:41 [INFO] Bookkeeper sync triggered (background)
2026-08-25 12:13:41 [INFO] Bookkeeper sync triggered (background)
2026-08-25 12:14:41 [INFO] Bookkeeper sync triggered (background)
2026-08-25 12:15:41 [INFO] Bookkeeper sync triggered (background)
2026-08-25 12:16:42 [INFO] Bookkeeper sync triggered (background)
2026-08-25 12:17:42 [INFO] Bookkeeper sync triggered (background)
2026-08-25 12:18:42 [INFO] Bookkeeper sync triggered (background)
2026-08-25 12:19:42 [INFO] Bookkeeper sync triggered (background)
2026-08-25 12:20:42 [INFO] Bookkeeper sync triggered (background)
2026-08-25 12:21:42 [INFO] Bookkeeper sync triggered (background)
2026-08-25 12:22:42 [INFO] Bookkeeper sync triggered (background)
2026-08-25 12:23:42 [INFO] Bookkeeper sync triggered (background)
2026-08-25 12:24:42 [INFO] Bookkeeper sync triggered (background)
2026-08-25 12:25:42 [INFO] Bookkeeper sync triggered (background)
2026-08-25 12:26:42 [INFO] Bookkeeper sync triggered (background)
2026-08-25 12:27:42 [INFO] Bookkeeper sync triggered (background)
2026-08-25 12:28:42 [INFO] Bookkeeper sync triggered (background)
2026-08-25 12:29:42 [INFO] Bookkeeper sync triggered (background)
2026-08-25 12:30:42 [INFO] Bookkeeper sync triggered (background)
2026-08-25 12:31:42 [INFO] Bookkeeper sync triggered (background)
2026-08-25 12:32:42 [INFO] Bookkeeper sync triggered (background)
2026-08-25 12:33:42 [INFO] Bookkeeper sync triggered (background)
2026-08-25 12:34:42 [INFO] Bookkeeper sync triggered (background)
2026-08-25 12:35:42 [INFO] Bookkeeper sync triggered (background)
2026-08-25 12:36:42 [INFO] Bookkeeper sync triggered (background)
2026-08-25 12:37:42 [INFO] Bookkeeper sync triggered (background)
2026-08-25 12:38:42 [INFO] Bookkeeper sync triggered (background)
2026-08-25 12:39:42 [INFO] Bookkeeper sync triggered (background)
2026-08-25 12:40:42 [INFO] Bookkeeper sync triggered (background)
2026-08-25 12:41:42 [INFO] Bookkeeper sync triggered (background)
2026-08-25 12:42:42 [INFO] Bookkeeper sync triggered (background)
2026-08-25 12:43:42 [INFO] Bookkeeper sync triggered (background)
2026-08-25 12:44:42 [INFO] Bookkeeper sync triggered (background)
2026-08-25 12:45:42 [INFO] Bookkeeper sync triggered (background)
2026-08-25 12:46:42 [INFO] Bookkeeper sync triggered (background)
2026-08-25 12:47:42 [INFO] Bookkeeper sync triggered (background)
2026-08-25 12:48:42 [INFO] Bookkeeper sync triggered (background)
2026-08-25 12:49:42 [INFO] Bookkeeper sync triggered (background)
2026-08-25 12:50:42 [INFO] Bookkeeper sync triggered (background)
2026-08-25 12:51:42 [INFO] Bookkeeper sync triggered (background)
2026-08-25 12:52:42 [INFO] Bookkeeper sync triggered (background)
2026-08-25 12:53:42 [INFO] Bookkeeper sync triggered (background)
2026-08-25 12:54:42 [INFO] Bookkeeper sync triggered (background)
2026-08-25 12:55:42 [INFO] Bookkeeper sync triggered (background)
2026-08-25 12:56:42 [INFO] Bookkeeper sync triggered (background)
2026-08-25 12:57:42 [INFO] Bookkeeper sync triggered (background)
2026-08-25 12:58:42 [INFO] Bookkeeper sync triggered (background)
2026-08-25 12:59:42 [INFO] Bookkeeper sync triggered (background)
2026-08-25 13:00:42 [INFO] Bookkeeper sync triggered (background)
2026-08-25 13:01:42 [INFO] Bookkeeper sync triggered (background)
2026-08-25 13:02:42 [INFO] Bookkeeper sync triggered (background)
2026-08-25 13:03:42 [INFO] Bookkeeper sync triggered (background)
2026-08-25 13:04:42 [INFO] Bookkeeper sync triggered (background)
2026-08-25 13:05:42 [INFO] Bookkeeper sync triggered (background)
2026-08-25 13:06:42 [INFO] Bookkeeper sync triggered (background)
2026-08-25 13:07:42 [INFO] Bookkeeper sync triggered (background)
2026-08-25 13:08:42 [INFO] Bookkeeper sync triggered (background)
2026-08-25 13:09:42 [INFO] Bookkeeper sync triggered (background)
2026-08-25 13:10:42 [INFO] Bookkeeper sync triggered (background)
2026-08-25 13:11:42 [INFO] Bookkeeper sync triggered (background)
2026-08-25 13:12:42 [INFO] Bookkeeper sync triggered (background)
2026-08-25 13:13:42 [INFO] Bookkeeper sync triggered (background)
2026-08-25 13:14:42 [INFO] Bookkeeper sync triggered (background)
2026-08-25 13:15:42 [INFO] Bookkeeper sync triggered (background)
2026-08-25 13:16:42 [INFO] Bookkeeper sync triggered (background)
2026-08-25 13:17:42 [INFO] Bookkeeper sync triggered (background)
2026-08-25 13:18:43 [INFO] Bookkeeper sync triggered (background)
2026-08-25 13:19:43 [INFO] Bookkeeper sync triggered (background)
2026-08-25 13:20:43 [INFO] Bookkeeper sync triggered (background)
2026-08-25 13:21:43 [INFO] Bookkeeper sync triggered (background)
2026-08-25 13:22:43 [INFO] Bookkeeper sync triggered (background)
2026-08-25 13:23:43 [INFO] Bookkeeper sync triggered (background)
2026-08-25 13:24:43 [INFO] Bookkeeper sync triggered (background)
2026-08-25 13:25:43 [INFO] Bookkeeper sync triggered (background)
2026-08-25 13:26:43 [INFO] Bookkeeper sync triggered (background)
2026-08-25 13:27:43 [INFO] Bookkeeper sync triggered (background)
2026-08-25 13:28:43 [INFO] Bookkeeper sync triggered (background)
2026-08-25 13:29:43 [INFO] Bookkeeper sync triggered (background)
2026-08-25 13:30:43 [INFO] Bookkeeper sync triggered (background)
2026-08-25 13:31:43 [INFO] Bookkeeper sync triggered (background)
2026-08-25 13:32:43 [INFO] Bookkeeper sync triggered (background)
2026-08-25 13:33:43 [INFO] Bookkeeper sync triggered (background)
2026-08-25 13:34:43 [INFO] Bookkeeper sync triggered (background)
2026-08-25 13:35:43 [INFO] Bookkeeper sync triggered (background)
2026-08-25 13:36:43 [INFO] Bookkeeper sync triggered (background)
2026-08-25 13:37:43 [INFO] Bookkeeper sync triggered (background)
2026-08-25 13:38:43 [INFO] Bookkeeper sync triggered (background)
2026-08-25 13:39:43 [INFO] Bookkeeper sync triggered (background)
2026-08-25 13:40:43 [INFO] Bookkeeper sync triggered (background)
2026-08-25 13:41:43 [INFO] Bookkeeper sync triggered (background)
2026-08-25 13:42:43 [INFO] Bookkeeper sync triggered (background)
2026-08-25 13:43:43 [INFO] Bookkeeper sync triggered (background)
2026-08-25 13:44:43 [INFO] Bookkeeper sync triggered (background)
2026-08-25 13:45:43 [INFO] Bookkeeper sync triggered (background)
2026-08-25 13:46:43 [INFO] Bookkeeper sync triggered (background)
2026-08-25 13:47:43 [INFO] Bookkeeper sync triggered (background)
2026-08-25 13:48:43 [INFO] Bookkeeper sync triggered (background)
2026-08-25 13:49:43 [INFO] Bookkeeper sync triggered (background)
2026-08-25 13:50:43 [INFO] Bookkeeper sync triggered (background)
2026-08-25 13:51:43 [INFO] Bookkeeper sync triggered (background)
2026-08-25 13:52:43 [INFO] Bookkeeper sync triggered (background)
2026-08-25 13:53:43 [INFO] Bookkeeper sync triggered (background)
2026-08-25 13:54:43 [INFO] Bookkeeper sync triggered (background)
2026-08-25 13:55:43 [INFO] Bookkeeper sync triggered (background)
2026-08-25 13:56:43 [INFO] Bookkeeper sync triggered (background)
2026-08-25 13:57:43 [INFO] Bookkeeper sync triggered (background)
2026-08-25 13:58:43 [INFO] Bookkeeper sync triggered (background)
2026-08-25 13:59:43 [INFO] Bookkeeper sync triggered (background)
2026-08-25 14:00:43 [INFO] Bookkeeper sync triggered (background)
2026-08-25 14:01:43 [INFO] Bookkeeper sync triggered (background)
2026-08-25 14:02:43 [INFO] Bookkeeper sync triggered (background)
2026-08-25 14:03:43 [INFO] Bookkeeper sync triggered (background)
2026-08-25 14:04:43 [INFO] Bookkeeper sync triggered (background)
2026-08-25 14:05:43 [INFO] Bookkeeper sync triggered (background)
2026-08-25 14:06:43 [INFO] Bookkeeper sync triggered (background)
2026-08-25 14:07:43 [INFO] Bookkeeper sync triggered (background)
2026-08-25 14:08:43 [INFO] Bookkeeper sync triggered (background)
2026-08-25 14:09:43 [INFO] Bookkeeper sync triggered (background)
2026-08-25 14:10:43 [INFO] Bookkeeper sync triggered (background)
2026-08-25 14:11:43 [INFO] Bookkeeper sync triggered (background)
2026-08-25 14:12:43 [INFO] Bookkeeper sync triggered (background)
2026-08-25 14:13:43 [INFO] Bookkeeper sync triggered (background)
2026-08-25 14:14:43 [INFO] Bookkeeper sync triggered (background)
2026-08-25 14:15:43 [INFO] Bookkeeper sync triggered (background)
2026-08-25 14:16:43 [INFO] Bookkeeper sync triggered (background)
2026-08-25 14:17:43 [INFO] Bookkeeper sync triggered (background)
2026-08-25 14:18:43 [INFO] Bookkeeper sync triggered (background)
2026-08-25 14:19:43 [INFO] Bookkeeper sync triggered (background)
2026-08-25 14:20:43 [INFO] Bookkeeper sync triggered (background)
2026-08-25 14:21:43 [INFO] Bookkeeper sync triggered (background)
2026-08-25 14:22:44 [INFO] Bookkeeper sync triggered (background)
2026-08-25 14:23:44 [INFO] Bookkeeper sync triggered (background)
2026-08-25 14:24:44 [INFO] Bookkeeper sync triggered (background)
2026-08-25 14:25:44 [INFO] Bookkeeper sync triggered (background)
2026-08-25 14:26:44 [INFO] Bookkeeper sync triggered (background)
2026-08-25 14:27:44 [INFO] Bookkeeper sync triggered (background)
2026-08-25 14:28:44 [INFO] Bookkeeper sync triggered (background)
2026-08-25 14:29:44 [INFO] Bookkeeper sync triggered (background)
2026-08-25 14:30:44 [INFO] Bookkeeper sync triggered (background)
2026-08-25 14:31:44 [INFO] Bookkeeper sync triggered (background)
2026-08-25 14:32:44 [INFO] Bookkeeper sync triggered (background)
2026-08-25 14:33:44 [INFO] Bookkeeper sync triggered (background)
2026-08-25 14:34:44 [INFO] Bookkeeper sync triggered (background)
2026-08-25 14:35:44 [INFO] Bookkeeper sync triggered (background)
2026-08-25 14:36:44 [INFO] Bookkeeper sync triggered (background)
2026-08-25 14:37:44 [INFO] Bookkeeper sync triggered (background)
2026-08-25 14:38:44 [INFO] Bookkeeper sync triggered (background)
2026-08-25 14:39:44 [INFO] Bookkeeper sync triggered (background)
2026-08-25 14:40:44 [INFO] Bookkeeper sync triggered (background)
2026-08-25 14:41:44 [INFO] Bookkeeper sync triggered (background)
2026-08-25 14:42:44 [INFO] Bookkeeper sync triggered (background)
2026-08-25 14:43:44 [INFO] Bookkeeper sync triggered (background)
2026-08-25 14:44:44 [INFO] Bookkeeper sync triggered (background)
2026-08-25 14:45:44 [INFO] Bookkeeper sync triggered (background)
2026-08-25 14:46:44 [INFO] Bookkeeper sync triggered (background)
2026-08-25 14:47:44 [INFO] Bookkeeper sync triggered (background)
2026-08-25 14:48:44 [INFO] Bookkeeper sync triggered (background)
2026-08-25 14:49:44 [INFO] Bookkeeper sync triggered (background)
2026-08-25 14:50:44 [INFO] Bookkeeper sync triggered (background)
2026-08-25 14:51:44 [INFO] Bookkeeper sync triggered (background)
2026-08-25 14:52:44 [INFO] Bookkeeper sync triggered (background)
2026-08-25 14:53:44 [INFO] Bookkeeper sync triggered (background)
2026-08-25 14:54:44 [INFO] Bookkeeper sync triggered (background)
2026-08-25 14:55:44 [INFO] Bookkeeper sync triggered (background)
2026-08-25 14:56:44 [INFO] Bookkeeper sync triggered (background)
2026-08-25 14:57:44 [INFO] Bookkeeper sync triggered (background)
2026-08-25 14:58:44 [INFO] Bookkeeper sync triggered (background)
2026-08-25 14:59:44 [INFO] Bookkeeper sync triggered (background)
2026-08-25 15:00:44 [INFO] Bookkeeper sync triggered (background)
2026-08-25 15:01:44 [INFO] Bookkeeper sync triggered (background)
2026-08-25 15:02:44 [INFO] Bookkeeper sync triggered (background)
2026-08-25 15:03:44 [INFO] Bookkeeper sync triggered (background)
2026-08-25 15:04:44 [INFO] Bookkeeper sync triggered (background)
2026-08-25 15:05:44 [INFO] Bookkeeper sync triggered (background)
2026-08-25 15:06:44 [INFO] Bookkeeper sync triggered (background)
2026-08-25 15:07:44 [INFO] Bookkeeper sync triggered (background)
2026-08-25 15:08:44 [INFO] Bookkeeper sync triggered (background)
2026-08-25 15:09:44 [INFO] Bookkeeper sync triggered (background)
2026-08-25 15:10:44 [INFO] Bookkeeper sync triggered (background)
2026-08-25 15:11:44 [INFO] Bookkeeper sync triggered (background)
2026-08-25 15:12:44 [INFO] Bookkeeper sync triggered (background)
2026-08-25 15:13:44 [INFO] Bookkeeper sync triggered (background)
2026-08-25 15:14:44 [INFO] Bookkeeper sync triggered (background)
2026-08-25 15:15:44 [INFO] Bookkeeper sync triggered (background)
2026-08-25 15:16:44 [INFO] Bookkeeper sync triggered (background)
2026-08-25 15:17:44 [INFO] Bookkeeper sync triggered (background)
2026-08-25 15:18:44 [INFO] Bookkeeper sync triggered (background)
2026-08-25 15:19:44 [INFO] Bookkeeper sync triggered (background)
2026-08-25 15:20:44 [INFO] Bookkeeper sync triggered (background)
2026-08-25 15:21:44 [INFO] Bookkeeper sync triggered (background)
2026-08-25 15:22:44 [INFO] Bookkeeper sync triggered (background)
2026-08-25 15:23:44 [INFO] Bookkeeper sync triggered (background)
2026-08-25 15:24:44 [INFO] Bookkeeper sync triggered (background)
2026-08-25 15:25:45 [INFO] Bookkeeper sync triggered (background)
2026-08-25 15:26:45 [INFO] Bookkeeper sync triggered (background)
2026-08-25 15:27:45 [INFO] Bookkeeper sync triggered (background)
2026-08-25 15:28:45 [INFO] Bookkeeper sync triggered (background)
2026-08-25 15:29:45 [INFO] Bookkeeper sync triggered (background)
2026-08-25 15:30:45 [INFO] Bookkeeper sync triggered (background)
2026-08-25 15:31:45 [INFO] Bookkeeper sync triggered (background)
2026-08-25 15:32:45 [INFO] Bookkeeper sync triggered (background)
2026-08-25 15:33:45 [INFO] Bookkeeper sync triggered (background)
2026-08-25 15:34:45 [INFO] Bookkeeper sync triggered (background)
2026-08-25 15:35:45 [INFO] Bookkeeper sync triggered (background)
2026-08-25 15:36:45 [INFO] Bookkeeper sync triggered (background)
2026-08-25 15:37:45 [INFO] Bookkeeper sync triggered (background)
2026-08-25 15:38:45 [INFO] Bookkeeper sync triggered (background)
2026-08-25 15:39:45 [INFO] Bookkeeper sync triggered (background)
2026-08-25 15:40:45 [INFO] Bookkeeper sync triggered (background)
2026-08-25 15:41:45 [INFO] Bookkeeper sync triggered (background)
2026-08-25 15:42:45 [INFO] Bookkeeper sync triggered (background)
2026-08-25 15:43:45 [INFO] Bookkeeper sync triggered (background)
2026-08-25 15:44:45 [INFO] Bookkeeper sync triggered (background)
2026-08-25 15:45:45 [INFO] Bookkeeper sync triggered (background)
2026-08-25 15:46:45 [INFO] Bookkeeper sync triggered (background)
2026-08-25 15:47:45 [INFO] Bookkeeper sync triggered (background)
2026-08-25 15:48:45 [INFO] Bookkeeper sync triggered (background)
2026-08-25 15:49:45 [INFO] Bookkeeper sync triggered (background)
2026-08-25 15:50:45 [INFO] Bookkeeper sync triggered (background)
2026-08-25 15:51:45 [INFO] Bookkeeper sync triggered (background)
2026-08-25 15:52:45 [INFO] Bookkeeper sync triggered (background)
2026-08-25 15:53:45 [INFO] Bookkeeper sync triggered (background)
2026-08-25 15:54:45 [INFO] Bookkeeper sync triggered (background)
2026-08-25 15:55:45 [INFO] Bookkeeper sync triggered (background)
2026-08-25 15:56:45 [INFO] Bookkeeper sync triggered (background)
2026-08-25 15:57:45 [INFO] Bookkeeper sync triggered (background)
2026-08-25 15:58:45 [INFO] Bookkeeper sync triggered (background)
2026-08-25 15:59:45 [INFO] Bookkeeper sync triggered (background)
