2026-08-25 16:30:08,142 [INFO] PID written to /home/mino/us-exec/us_poller.pid
2026-08-25 16:30:08,142 [INFO] Poller starting in daemon mode
2026-08-25 16:30:08,142 [INFO] US Price poller started.
2026-08-25 16:30:08,609 [INFO] Slow poll | Regime: NEUTRAL | max_pos: 3 | target: 2.0% | hard_stop: 5.0%
2026-08-25 16:30:08,609 [INFO] Slow poll done.
2026-08-25 16:35:09,902 [INFO] Slow poll | Regime: NEUTRAL | max_pos: 3 | target: 2.0% | hard_stop: 5.0%
2026-08-25 16:35:09,902 [INFO] Slow poll done.
2026-08-25 16:40:09,923 [INFO] Slow poll | Regime: NEUTRAL | max_pos: 3 | target: 2.0% | hard_stop: 5.0%
2026-08-25 16:40:09,923 [INFO] Slow poll done.
2026-08-25 16:45:09,942 [INFO] Slow poll | Regime: NEUTRAL | max_pos: 3 | target: 2.0% | hard_stop: 5.0%
2026-08-25 16:45:09,943 [INFO] Slow poll done.
2026-08-25 16:50:09,965 [INFO] Regime stale (>30min) — reclassifying
2026-08-25 16:50:12,737 [INFO] Regime: DEFENSIVE — SPY -0.3% over 5 days, VIX 15.1 (elevated fear), 36% sector breadth
2026-08-25 16:50:12,737 [INFO] Slow poll | Regime: DEFENSIVE | max_pos: 2 | target: 1.5% | hard_stop: 4.0%
2026-08-25 16:50:12,738 [INFO] Slow poll done.
2026-08-25 16:55:12,759 [INFO] Slow poll | Regime: DEFENSIVE | max_pos: 2 | target: 1.5% | hard_stop: 4.0%
2026-08-25 16:55:12,760 [INFO] Slow poll done.
2026-08-25 17:00:12,781 [INFO] Slow poll | Regime: DEFENSIVE | max_pos: 2 | target: 1.5% | hard_stop: 4.0%
2026-08-25 17:00:12,782 [INFO] Slow poll done.
2026-08-25 17:05:13,214 [INFO] Slow poll | Regime: DEFENSIVE | max_pos: 2 | target: 1.5% | hard_stop: 4.0%
2026-08-25 17:05:13,214 [INFO] Slow poll done.
2026-08-25 17:10:13,234 [INFO] Slow poll | Regime: DEFENSIVE | max_pos: 2 | target: 1.5% | hard_stop: 4.0%
2026-08-25 17:10:13,234 [INFO] Slow poll done.
2026-08-25 17:15:13,256 [INFO] Slow poll | Regime: DEFENSIVE | max_pos: 2 | target: 1.5% | hard_stop: 4.0%
2026-08-25 17:15:13,257 [INFO] Slow poll done.
2026-08-25 17:20:13,277 [INFO] Regime stale (>30min) — reclassifying
2026-08-25 17:20:16,092 [INFO] Regime: NEUTRAL — SPY -0.5% over 5 days, VIX 15.8 (moderate), 45% sector breadth
2026-08-25 17:20:16,093 [INFO] Slow poll | Regime: NEUTRAL | max_pos: 3 | target: 2.0% | hard_stop: 5.0%
2026-08-25 17:20:16,093 [INFO] Slow poll done.
2026-08-25 17:25:16,115 [INFO] Slow poll | Regime: NEUTRAL | max_pos: 3 | target: 2.0% | hard_stop: 5.0%
2026-08-25 17:25:16,116 [INFO] Slow poll done.
2026-08-25 17:30:16,137 [INFO] Slow poll | Regime: NEUTRAL | max_pos: 3 | target: 2.0% | hard_stop: 5.0%
2026-08-25 17:30:16,137 [INFO] Slow poll done.
2026-08-25 17:35:16,737 [INFO] Slow poll | Regime: NEUTRAL | max_pos: 3 | target: 2.0% | hard_stop: 5.0%
2026-08-25 17:35:16,738 [INFO] Slow poll done.
2026-08-25 17:40:16,759 [INFO] Slow poll | Regime: NEUTRAL | max_pos: 3 | target: 2.0% | hard_stop: 5.0%
2026-08-25 17:40:16,760 [INFO] Slow poll done.
2026-08-25 17:45:16,780 [INFO] Slow poll | Regime: NEUTRAL | max_pos: 3 | target: 2.0% | hard_stop: 5.0%
2026-08-25 17:45:16,781 [INFO] Slow poll done.
2026-08-25 17:50:16,800 [INFO] Regime stale (>30min) — reclassifying
2026-08-25 17:50:19,713 [INFO] Regime: DEFENSIVE — SPY -0.6% over 5 days, VIX 15.9 (elevated fear), 36% sector breadth
2026-08-25 17:50:19,713 [INFO] Slow poll | Regime: DEFENSIVE | max_pos: 2 | target: 1.5% | hard_stop: 4.0%
2026-08-25 17:50:19,713 [INFO] Slow poll done.
2026-08-25 17:55:19,735 [INFO] Slow poll | Regime: DEFENSIVE | max_pos: 2 | target: 1.5% | hard_stop: 4.0%
2026-08-25 17:55:19,735 [INFO] Slow poll done.
