2026-08-25 23:10:02 [INFO] AlpacaTrader initialized (PAPER)
2026-08-25 23:10:02 [INFO] AlpacaTrader initialized (PAPER)
2026-08-25 23:10:02 [INFO] get_alpaca_trades: querying 2026-08-25 (2026-08-25T04:56:00Z to 2026-08-26T04:55:59Z)
2026-08-25 23:10:02 [WARNING] get_alpaca_trades failed: 'latin-1' codec can't encode character '\u2026' in position 6: ordinal not in range(256)
2026-08-25 23:10:02 [INFO] get_daily_pnl: 2026-08-25 — P&L=$+0.00 (0W/0L, 0.0% WR)
2026-08-25 23:10:02 [INFO] AlpacaTrader initialized (PAPER)
2026-08-25 23:10:02 [INFO] AlpacaTrader initialized (PAPER)
2026-08-25 23:10:03 [WARNING] sync_capital failed: 'latin-1' codec can't encode character '\u2026' in position 6: ordinal not in range(256)
2026-08-25 23:10:03 [INFO] [TELEGRAM] ⚪ US Paper Trading Report

📅 Day 28 of 10 — Tuesday, Aug 25

💰 Realized P&L: $0.00 (0.00%)
📊 Unreali...
2026-08-25 23:10:03 [INFO] [TELEGRAM] ⚪ US Paper Trading Report

📅 Day 28 of 10 — Tuesday, Aug 25

💰 Realized P&L: $0.00 (0.00%)
📊 Unreali...
Reconciliation failed: 'list' object has no attribute 'get'
Alpaca P&L: $0.00 (0W/0L)
Alpaca capital: $123781.54
Stats built from: local-fallback | P&L=$0.00 | Trades=0
[2026-08-25T16:10:03.471788-04:00] Daily report sent: False
