[2026-08-24 20:00:27 EDT] [INFO] Off-duty (20:00), waiting for 09:25
[2026-08-24 20:00:57 EDT] [INFO] Off-duty (20:00), waiting for 09:25
[2026-08-24 21:00:28 EDT] [INFO] Off-duty (21:00), waiting for 09:25
[2026-08-24 21:00:58 EDT] [INFO] Off-duty (21:00), waiting for 09:25
[2026-08-24 22:00:28 EDT] [INFO] Off-duty (22:00), waiting for 09:25
[2026-08-24 22:00:58 EDT] [INFO] Off-duty (22:00), waiting for 09:25
[2026-08-24 23:00:28 EDT] [INFO] Off-duty (23:00), waiting for 09:25
[2026-08-24 23:00:58 EDT] [INFO] Off-duty (23:00), waiting for 09:25
[2026-08-25 00:00:28 EDT] [INFO] Off-duty (00:00), waiting for 09:25
[2026-08-25 00:00:58 EDT] [INFO] Off-duty (00:00), waiting for 09:25
[2026-08-25 01:00:28 EDT] [INFO] Off-duty (01:00), waiting for 09:25
[2026-08-25 01:00:58 EDT] [INFO] Off-duty (01:00), waiting for 09:25
[2026-08-25 02:00:28 EDT] [INFO] Off-duty (02:00), waiting for 09:25
[2026-08-25 02:00:58 EDT] [INFO] Off-duty (02:00), waiting for 09:25
[2026-08-25 03:00:28 EDT] [INFO] Off-duty (03:00), waiting for 09:25
[2026-08-25 03:00:58 EDT] [INFO] Off-duty (03:00), waiting for 09:25
[2026-08-25 04:00:28 EDT] [INFO] Off-duty (04:00), waiting for 09:25
[2026-08-25 04:00:58 EDT] [INFO] Off-duty (04:00), waiting for 09:25
[2026-08-25 05:00:28 EDT] [INFO] Off-duty (05:00), waiting for 09:25
[2026-08-25 05:00:58 EDT] [INFO] Off-duty (05:00), waiting for 09:25
[2026-08-25 06:00:28 EDT] [INFO] Off-duty (06:00), waiting for 09:25
[2026-08-25 06:00:58 EDT] [INFO] Off-duty (06:00), waiting for 09:25
[2026-08-25 07:00:28 EDT] [INFO] Off-duty (07:00), waiting for 09:25
[2026-08-25 07:00:58 EDT] [INFO] Off-duty (07:00), waiting for 09:25
[2026-08-25 08:00:28 EDT] [INFO] Off-duty (08:00), waiting for 09:25
[2026-08-25 08:00:58 EDT] [INFO] Off-duty (08:00), waiting for 09:25
[2026-08-25 09:00:28 EDT] [INFO] Off-duty (09:00), waiting for 09:25
[2026-08-25 09:00:58 EDT] [INFO] Off-duty (09:00), waiting for 09:25
[2026-08-25 09:25:29 EDT] [INFO] --- Component Check ---
[2026-08-25 09:25:29 EDT] [INFO] ✅ us-bot: OK — mino      770299  0.0  1.0 320088 81876 ?        Ssl  02:38   0:07 /usr/bin/pyth
[2026-08-25 09:25:29 EDT] [INFO] ✅ us-poller: OK — 932627
[2026-08-25 09:25:29 EDT] [INFO] ❌ us-alpaca-ws: FAIL — inactive
[2026-08-25 09:25:29 EDT] [INFO] ✅ alpaca-api: OK — {
[2026-08-25 09:25:29 EDT] [INFO] ❌ Alpaca API: AUTH_FAIL (580.4ms)
[2026-08-25 09:25:29 EDT] [INFO] --- Tracked Files ---
[2026-08-25 09:25:29 EDT] [INFO] 📝 Changed: picks, positions, capital, regime, .env
[2026-08-25 09:25:29 EDT] [INFO] ⚠️ Missing: order_history, config
[2026-08-25 09:25:29 EDT] [ALERT] CRITICAL: us-alpaca-ws is FAIL
[2026-08-25 09:25:29 EDT] [ALERT] CRITICAL: Alpaca API AUTH_FAIL
[2026-08-25 09:25:29 EDT] [ALERT] LOG ALERT [ws.log]: raise ValueError(msg[0].get("msg", "auth failed"))
ValueError: connection limit exceeded
error: symbol limit exceeded (405)
[2026-08-25 09:26:00 EDT] [ALERT] CRITICAL: us-alpaca-ws is FAIL
[2026-08-25 09:26:00 EDT] [ALERT] CRITICAL: Alpaca API AUTH_FAIL
[2026-08-25 09:26:00 EDT] [ALERT] LOG ALERT [ws.log]: raise ValueError(msg[0].get("msg", "auth failed"))
ValueError: connection limit exceeded
error: symbol limit exceeded (405)
[2026-08-25 09:26:32 EDT] [ALERT] CRITICAL: us-alpaca-ws is FAIL
[2026-08-25 09:26:32 EDT] [ALERT] CRITICAL: Alpaca API AUTH_FAIL
[2026-08-25 09:26:32 EDT] [ALERT] LOG ALERT [ws.log]: raise ValueError(msg[0].get("msg", "auth failed"))
ValueError: connection limit exceeded
error: symbol limit exceeded (405)
[2026-08-25 09:27:03 EDT] [ALERT] CRITICAL: us-alpaca-ws is FAIL
[2026-08-25 09:27:03 EDT] [ALERT] CRITICAL: Alpaca API AUTH_FAIL
[2026-08-25 09:27:03 EDT] [ALERT] LOG ALERT [ws.log]: raise ValueError(msg[0].get("msg", "auth failed"))
ValueError: connection limit exceeded
error: symbol limit exceeded (405)
[2026-08-25 09:27:34 EDT] [ALERT] CRITICAL: us-alpaca-ws is FAIL
[2026-08-25 09:27:34 EDT] [ALERT] CRITICAL: Alpaca API AUTH_FAIL
[2026-08-25 09:27:34 EDT] [ALERT] LOG ALERT [ws.log]: raise ValueError(msg[0].get("msg", "auth failed"))
ValueError: connection limit exceeded
error: symbol limit exceeded (405)
[2026-08-25 09:28:06 EDT] [ALERT] CRITICAL: us-alpaca-ws is FAIL
[2026-08-25 09:28:06 EDT] [ALERT] CRITICAL: Alpaca API AUTH_FAIL
[2026-08-25 09:28:06 EDT] [ALERT] LOG ALERT [ws.log]: raise ValueError(msg[0].get("msg", "auth failed"))
ValueError: connection limit exceeded
error: symbol limit exceeded (405)
[2026-08-25 09:28:37 EDT] [ALERT] CRITICAL: us-alpaca-ws is FAIL
[2026-08-25 09:28:37 EDT] [ALERT] CRITICAL: Alpaca API AUTH_FAIL
[2026-08-25 09:28:37 EDT] [ALERT] LOG ALERT [ws.log]: raise ValueError(msg[0].get("msg", "auth failed"))
ValueError: connection limit exceeded
error: symbol limit exceeded (405)
[2026-08-25 09:29:08 EDT] [ALERT] CRITICAL: us-alpaca-ws is FAIL
[2026-08-25 09:29:08 EDT] [ALERT] CRITICAL: Alpaca API AUTH_FAIL
[2026-08-25 09:29:08 EDT] [ALERT] LOG ALERT [ws.log]: raise ValueError(msg[0].get("msg", "auth failed"))
ValueError: connection limit exceeded
error: symbol limit exceeded (405)
[2026-08-25 09:29:39 EDT] [ALERT] CRITICAL: us-alpaca-ws is FAIL
[2026-08-25 09:29:39 EDT] [ALERT] CRITICAL: Alpaca API AUTH_FAIL
[2026-08-25 09:29:39 EDT] [ALERT] LOG ALERT [ws.log]: raise ValueError(msg[0].get("msg", "auth failed"))
ValueError: connection limit exceeded
error: symbol limit exceeded (405)
[2026-08-25 09:30:10 EDT] [INFO] --- Component Check ---
[2026-08-25 09:30:10 EDT] [INFO] ✅ us-bot: OK — mino      770299  0.0  1.0 320088 81876 ?        Ssl  02:38   0:07 /usr/bin/pyth
[2026-08-25 09:30:10 EDT] [INFO] ✅ us-poller: OK — 933768
933778
[2026-08-25 09:30:10 EDT] [INFO] ❌ us-alpaca-ws: FAIL — inactive
[2026-08-25 09:30:10 EDT] [INFO] ✅ alpaca-api: OK — {
[2026-08-25 09:30:10 EDT] [INFO] ❌ Alpaca API: AUTH_FAIL (572.8ms)
[2026-08-25 09:30:10 EDT] [INFO] --- Tracked Files ---
[2026-08-25 09:30:10 EDT] [INFO] ⚠️ Missing: order_history, config
[2026-08-25 09:30:10 EDT] [ALERT] CRITICAL: us-alpaca-ws is FAIL
[2026-08-25 09:30:10 EDT] [ALERT] CRITICAL: Alpaca API AUTH_FAIL
[2026-08-25 09:30:10 EDT] [ALERT] LOG ALERT [ws.log]: raise ValueError(msg[0].get("msg", "auth failed"))
ValueError: connection limit exceeded
error: symbol limit exceeded (405)
